// Jest Snapshot v1, https://goo.gl/fbAQLP

exports[`Square component Should match snapshot 1`] = `
<button
  className="square"
/>
`;
